23:09:44.703 [TestNG-tests-1]INFO  com.hospitalmanagementsystem.qa.test.doctor.Doc_TestScenario_001 - Verify that User can Login to the Application with valid Credentials.
23:09:45.807 [TestNG-tests-1]INFO  com.hospitalmanagementsystem.qa.test.doctor.Doc_TestScenario_001 - Entering the Email
23:09:45.808 [TestNG-tests-1]INFO  com.hospitalmanagementsystem.qa.test.doctor.Doc_TestScenario_001 - Entering the Password
23:09:45.809 [TestNG-tests-1]INFO  com.hospitalmanagementsystem.qa.test.doctor.Doc_TestScenario_001 - Clicking the Login Button
23:09:53.734 [TestNG-tests-1]INFO  com.hospitalmanagementsystem.qa.test.doctor.Doc_TestScenario_001 - Verifying the title
23:09:53.743 [TestNG-tests-1]INFO  com.hospitalmanagementsystem.qa.test.doctor.Doc_TestScenario_001 - Home page Title is matching
23:09:54.272 [TestNG-tests-1]INFO  com.hospitalmanagementsystem.qa.test.doctor.Doc_TestScenario_001 - Verify that User can Login to the Application with Invalid Credentials.
23:09:54.791 [TestNG-tests-1]INFO  com.hospitalmanagementsystem.qa.test.doctor.Doc_TestScenario_001 - Entering the Email
23:09:54.792 [TestNG-tests-1]INFO  com.hospitalmanagementsystem.qa.test.doctor.Doc_TestScenario_001 - Entering the Password
23:09:54.793 [TestNG-tests-1]INFO  com.hospitalmanagementsystem.qa.test.doctor.Doc_TestScenario_001 - Clicking the Login Button
23:10:11.244 [TestNG-tests-1]INFO  com.hospitalmanagementsystem.qa.test.doctor.Doc_TestScenario_001 - Verify that User can Login to the Application with valid Credentials.
23:10:12.248 [TestNG-tests-1]INFO  com.hospitalmanagementsystem.qa.test.doctor.Doc_TestScenario_001 - Entering the Email
23:10:12.249 [TestNG-tests-1]INFO  com.hospitalmanagementsystem.qa.test.doctor.Doc_TestScenario_001 - Entering the Password
23:10:12.250 [TestNG-tests-1]INFO  com.hospitalmanagementsystem.qa.test.doctor.Doc_TestScenario_001 - Clicking the Login Button
23:10:18.196 [TestNG-tests-1]INFO  com.hospitalmanagementsystem.qa.test.doctor.Doc_TestScenario_001 - Verifying the title
23:10:18.197 [TestNG-tests-1]INFO  com.hospitalmanagementsystem.qa.test.doctor.Doc_TestScenario_001 - Home page Title is matching
23:10:18.872 [TestNG-tests-1]INFO  com.hospitalmanagementsystem.qa.test.doctor.Doc_TestScenario_001 - Verify that User can Login to the Application with Invalid Credentials.
23:10:19.380 [TestNG-tests-1]INFO  com.hospitalmanagementsystem.qa.test.doctor.Doc_TestScenario_001 - Entering the Email
23:10:19.381 [TestNG-tests-1]INFO  com.hospitalmanagementsystem.qa.test.doctor.Doc_TestScenario_001 - Entering the Password
23:10:19.381 [TestNG-tests-1]INFO  com.hospitalmanagementsystem.qa.test.doctor.Doc_TestScenario_001 - Clicking the Login Button
20:22:13.240 [TestNG-tests-1]INFO  com.hospitalmanagementsystem.qa.test.doctor.Doc_TestScenario_001 - Verify that User can Login to the Application with valid Credentials.
20:22:14.390 [TestNG-tests-1]INFO  com.hospitalmanagementsystem.qa.test.doctor.Doc_TestScenario_001 - Entering the Email
20:22:14.391 [TestNG-tests-1]INFO  com.hospitalmanagementsystem.qa.test.doctor.Doc_TestScenario_001 - Entering the Password
20:22:14.392 [TestNG-tests-1]INFO  com.hospitalmanagementsystem.qa.test.doctor.Doc_TestScenario_001 - Clicking the Login Button
20:22:21.198 [TestNG-tests-1]INFO  com.hospitalmanagementsystem.qa.test.doctor.Doc_TestScenario_001 - Verifying the title
20:22:21.204 [TestNG-tests-1]INFO  com.hospitalmanagementsystem.qa.test.doctor.Doc_TestScenario_001 - Home page Title is matching
20:22:21.872 [TestNG-tests-1]INFO  com.hospitalmanagementsystem.qa.test.doctor.Doc_TestScenario_001 - Verify that User can Login to the Application with Invalid Credentials.
20:22:22.376 [TestNG-tests-1]INFO  com.hospitalmanagementsystem.qa.test.doctor.Doc_TestScenario_001 - Entering the Email
20:22:22.376 [TestNG-tests-1]INFO  com.hospitalmanagementsystem.qa.test.doctor.Doc_TestScenario_001 - Entering the Password
20:22:22.376 [TestNG-tests-1]INFO  com.hospitalmanagementsystem.qa.test.doctor.Doc_TestScenario_001 - Clicking the Login Button
20:22:50.203 [TestNG-tests-1]INFO  com.hospitalmanagementsystem.qa.test.doctor.Doc_TestScenario_001 - Verify that User can Login to the Application with valid Credentials.
20:22:51.212 [TestNG-tests-1]INFO  com.hospitalmanagementsystem.qa.test.doctor.Doc_TestScenario_001 - Entering the Email
20:22:51.214 [TestNG-tests-1]INFO  com.hospitalmanagementsystem.qa.test.doctor.Doc_TestScenario_001 - Entering the Password
20:22:51.214 [TestNG-tests-1]INFO  com.hospitalmanagementsystem.qa.test.doctor.Doc_TestScenario_001 - Clicking the Login Button
20:22:58.706 [TestNG-tests-1]INFO  com.hospitalmanagementsystem.qa.test.doctor.Doc_TestScenario_001 - Verifying the title
20:22:58.706 [TestNG-tests-1]INFO  com.hospitalmanagementsystem.qa.test.doctor.Doc_TestScenario_001 - Home page Title is matching
20:23:01.246 [TestNG-tests-1]INFO  com.hospitalmanagementsystem.qa.test.doctor.Doc_TestScenario_001 - Verify that User can Login to the Application with Invalid Credentials.
20:23:01.757 [TestNG-tests-1]INFO  com.hospitalmanagementsystem.qa.test.doctor.Doc_TestScenario_001 - Entering the Email
20:23:01.758 [TestNG-tests-1]INFO  com.hospitalmanagementsystem.qa.test.doctor.Doc_TestScenario_001 - Entering the Password
20:23:01.758 [TestNG-tests-1]INFO  com.hospitalmanagementsystem.qa.test.doctor.Doc_TestScenario_001 - Clicking the Login Button
20:26:45.298 [TestNG-tests-1]INFO  com.hospitalmanagementsystem.qa.test.doctor.Doc_TestScenario_001 - Verify that User can Login to the Application with valid Credentials.
20:26:46.351 [TestNG-tests-1]INFO  com.hospitalmanagementsystem.qa.test.doctor.Doc_TestScenario_001 - Entering the Email
20:26:46.352 [TestNG-tests-1]INFO  com.hospitalmanagementsystem.qa.test.doctor.Doc_TestScenario_001 - Entering the Password
20:26:46.352 [TestNG-tests-1]INFO  com.hospitalmanagementsystem.qa.test.doctor.Doc_TestScenario_001 - Clicking the Login Button
20:26:53.181 [TestNG-tests-1]INFO  com.hospitalmanagementsystem.qa.test.doctor.Doc_TestScenario_001 - Verifying the title
20:26:53.186 [TestNG-tests-1]INFO  com.hospitalmanagementsystem.qa.test.doctor.Doc_TestScenario_001 - Home page Title is matching
20:26:53.944 [TestNG-tests-1]INFO  com.hospitalmanagementsystem.qa.test.doctor.Doc_TestScenario_001 - Verify that User can Login to the Application with Invalid Credentials.
20:26:54.448 [TestNG-tests-1]INFO  com.hospitalmanagementsystem.qa.test.doctor.Doc_TestScenario_001 - Entering the Email
20:26:54.448 [TestNG-tests-1]INFO  com.hospitalmanagementsystem.qa.test.doctor.Doc_TestScenario_001 - Entering the Password
20:26:54.449 [TestNG-tests-1]INFO  com.hospitalmanagementsystem.qa.test.doctor.Doc_TestScenario_001 - Clicking the Login Button
20:27:06.597 [TestNG-tests-1]INFO  com.hospitalmanagementsystem.qa.test.doctor.Doc_TestScenario_001 - Verify that User can Login to the Application with valid Credentials.
20:27:07.602 [TestNG-tests-1]INFO  com.hospitalmanagementsystem.qa.test.doctor.Doc_TestScenario_001 - Entering the Email
20:27:07.603 [TestNG-tests-1]INFO  com.hospitalmanagementsystem.qa.test.doctor.Doc_TestScenario_001 - Entering the Password
20:27:07.603 [TestNG-tests-1]INFO  com.hospitalmanagementsystem.qa.test.doctor.Doc_TestScenario_001 - Clicking the Login Button
20:27:15.194 [TestNG-tests-1]INFO  com.hospitalmanagementsystem.qa.test.doctor.Doc_TestScenario_001 - Verifying the title
20:27:15.195 [TestNG-tests-1]INFO  com.hospitalmanagementsystem.qa.test.doctor.Doc_TestScenario_001 - Home page Title is matching
20:27:15.946 [TestNG-tests-1]INFO  com.hospitalmanagementsystem.qa.test.doctor.Doc_TestScenario_001 - Verify that User can Login to the Application with Invalid Credentials.
20:27:16.448 [TestNG-tests-1]INFO  com.hospitalmanagementsystem.qa.test.doctor.Doc_TestScenario_001 - Entering the Email
20:27:16.448 [TestNG-tests-1]INFO  com.hospitalmanagementsystem.qa.test.doctor.Doc_TestScenario_001 - Entering the Password
20:27:16.448 [TestNG-tests-1]INFO  com.hospitalmanagementsystem.qa.test.doctor.Doc_TestScenario_001 - Clicking the Login Button
20:33:35.460 [TestNG-tests-1]INFO  com.hospitalmanagementsystem.qa.test.doctor.Doc_TestScenario_001 - Verify that User can Login to the Application with valid Credentials.
20:33:36.514 [TestNG-tests-1]INFO  com.hospitalmanagementsystem.qa.test.doctor.Doc_TestScenario_001 - Entering the Email
20:33:36.515 [TestNG-tests-1]INFO  com.hospitalmanagementsystem.qa.test.doctor.Doc_TestScenario_001 - Entering the Password
20:33:36.515 [TestNG-tests-1]INFO  com.hospitalmanagementsystem.qa.test.doctor.Doc_TestScenario_001 - Clicking the Login Button
20:33:42.881 [TestNG-tests-1]INFO  com.hospitalmanagementsystem.qa.test.doctor.Doc_TestScenario_001 - Verifying the title
20:33:42.887 [TestNG-tests-1]INFO  com.hospitalmanagementsystem.qa.test.doctor.Doc_TestScenario_001 - Home page Title is matching
20:33:43.522 [TestNG-tests-1]INFO  com.hospitalmanagementsystem.qa.test.doctor.Doc_TestScenario_001 - Verify that User can Login to the Application with Invalid Credentials.
20:33:44.036 [TestNG-tests-1]INFO  com.hospitalmanagementsystem.qa.test.doctor.Doc_TestScenario_001 - Entering the Email
20:33:44.036 [TestNG-tests-1]INFO  com.hospitalmanagementsystem.qa.test.doctor.Doc_TestScenario_001 - Entering the Password
20:33:44.037 [TestNG-tests-1]INFO  com.hospitalmanagementsystem.qa.test.doctor.Doc_TestScenario_001 - Clicking the Login Button
20:33:54.964 [TestNG-tests-1]INFO  com.hospitalmanagementsystem.qa.test.doctor.Doc_TestScenario_001 - Verify that User can Login to the Application with valid Credentials.
20:33:55.969 [TestNG-tests-1]INFO  com.hospitalmanagementsystem.qa.test.doctor.Doc_TestScenario_001 - Entering the Email
20:33:55.970 [TestNG-tests-1]INFO  com.hospitalmanagementsystem.qa.test.doctor.Doc_TestScenario_001 - Entering the Password
20:33:55.971 [TestNG-tests-1]INFO  com.hospitalmanagementsystem.qa.test.doctor.Doc_TestScenario_001 - Clicking the Login Button
20:34:03.013 [TestNG-tests-1]INFO  com.hospitalmanagementsystem.qa.test.doctor.Doc_TestScenario_001 - Verifying the title
20:34:03.013 [TestNG-tests-1]INFO  com.hospitalmanagementsystem.qa.test.doctor.Doc_TestScenario_001 - Home page Title is matching
20:34:03.696 [TestNG-tests-1]INFO  com.hospitalmanagementsystem.qa.test.doctor.Doc_TestScenario_001 - Verify that User can Login to the Application with Invalid Credentials.
20:34:04.210 [TestNG-tests-1]INFO  com.hospitalmanagementsystem.qa.test.doctor.Doc_TestScenario_001 - Entering the Email
20:34:04.210 [TestNG-tests-1]INFO  com.hospitalmanagementsystem.qa.test.doctor.Doc_TestScenario_001 - Entering the Password
20:34:04.210 [TestNG-tests-1]INFO  com.hospitalmanagementsystem.qa.test.doctor.Doc_TestScenario_001 - Clicking the Login Button
